192.168.0.1 - - [08/Sep/2012:11:15:00 +0200] "GET /page2.html HTTP/1.1" 200 2000 "http://intranet-if.insa-lyon.fr/page1.html" "Mozilla/5.0" 
192.168.0.1 - - [08/Sep/2012:11:37:00 +0200] "GET /page1.html HTTP/1.1" 200 1000 "http://intranet-if.insa-lyon.fr/page2.html" "Mozilla/5.0" 
192.168.0.1 - - [08/Sep/2012:12:12:00 +0200] "GET /page2.html HTTP/1.1" 200 2000 "http://intranet-if.insa-lyon.fr/page3.html" "Mozilla/5.0" 
192.168.0.1 - - [08/Sep/2012:12:16:00 +0200] "GET /page3.html HTTP/1.1" 200 - "http://intranet-if.insa-lyon.fr/page2.html" "Mozilla/5.0" 
192.168.0.1 - - [08/Sep/2012:12:16:01 +0200] "GET /image.jpg HTTP/1.1" 200 50000 "-" "Mozilla/5.0" 
192.168.0.1 - - [08/Sep/2012:12:59:00 +0200] "GET /page2.html HTTP/1.1" 200 2000 "http://intranet-if.insa-lyon.fr/page1.html" "Mozilla/5.0" 